// Jest Snapshot v1, https://goo.gl/fbAQLP

exports[`Tabs should tabs 1`] = `
<div>
  <ul
    class="tabs"
  >
    <li
      class="tabs__item is-active"
    >
      全部
    </li>
    <li
      class="tabs__item"
    >
      欧美
    </li>
    <li
      class="tabs__item"
    >
      华语
    </li>
    <li
      class="tabs__item"
    >
      流行
    </li>
    <li
      class="tabs__item"
    >
      说唱
    </li>
    <li
      class="tabs__item"
    >
      摇滚
    </li>
    <li
      class="tabs__item"
    >
      民谣
    </li>
    <li
      class="tabs__item"
    >
      电子
    </li>
    <li
      class="tabs__item"
    >
      轻音乐
    </li>
    <li
      class="tabs__item"
    >
      ACG
    </li>
    <li
      class="tabs__item"
    >
      怀旧
    </li>
    <li
      class="tabs__item"
    >
      治愈
    </li>
    <li
      class="tabs__item"
    >
      旅行
    </li>
  </ul>
</div>
`;

exports[`Tabs should tabs 2`] = `
<div>
  <ul
    class="tabs"
  >
    <li
      class="tabs__item"
    >
      全部
    </li>
    <li
      class="tabs__item"
    >
      欧美
    </li>
    <li
      class="tabs__item"
    >
      华语
    </li>
    <li
      class="tabs__item"
    >
      流行
    </li>
    <li
      class="tabs__item"
    >
      说唱
    </li>
    <li
      class="tabs__item"
    >
      摇滚
    </li>
    <li
      class="tabs__item"
    >
      民谣
    </li>
    <li
      class="tabs__item"
    >
      电子
    </li>
    <li
      class="tabs__item"
    >
      轻音乐
    </li>
    <li
      class="tabs__item"
    >
      ACG
    </li>
    <li
      class="tabs__item"
    >
      怀旧
    </li>
    <li
      class="tabs__item"
    >
      治愈
    </li>
    <li
      class="tabs__item is-active"
    >
      旅行
    </li>
  </ul>
</div>
`;
